
Discarded input sections

 .text          0x0000000000000000        0x0 module.o
 .data          0x0000000000000000        0x0 module.o
 .comment       0x0000000000000000       0x24 module.o
 .text          0x0000000000000000        0x0 crt0.o
 .bss           0x0000000000000000        0x0 crt0.o

Memory Configuration

Name             Origin             Length             Attributes
*default*        0x0000000000000000 0xffffffffffffffff

Linker script and memory map

                0x0000000000000000                PROVIDE (__start__ = 0x0)
                0x0000000000000000                . = __start__
                0x0000000000000000                __code_start = .

.crt0           0x0000000000000000        0x0
 *(.crt0)
 .crt0          0x0000000000000000        0x0 crt0.o
                0x0000000000000000                . = ALIGN (0x8)

.init           0x0000000000000000        0x0
 *(.init)
                0x0000000000000000                . = ALIGN (0x8)

.plt            0x0000000000000000        0x0
 *(.plt)
 .plt           0x0000000000000000        0x0 module.o
 *(.iplt)
                0x0000000000000000                . = ALIGN (0x8)

.text           0x0000000000000000        0x0
 *(.text.unlikely .text.*_unlikely .text.unlikely.*)
 *(.text.exit .text.exit.*)
 *(.text.startup .text.startup.*)
 *(.text.hot .text.hot.*)
 *(.text .stub .text.* .gnu.linkonce.t.*)
                0x0000000000000000                . = ALIGN (0x8)

.fini           0x0000000000000000        0x0
 *(.fini)
                0x0000000000000000                . = ALIGN (0x8)
                0x0000000000000000                . = ALIGN (0x1000)
                0x0000000000000000                __rodata_start = .

.nx-module-name
                0x0000000000000000       0x10
 *(.nx-module-name)
 .nx-module-name
                0x0000000000000000       0x10 module.o

.rodata         0x0000000000000010        0x0
 *(.rodata .rodata.* .gnu.linkonce.r.*)
                0x0000000000000010                . = ALIGN (0x8)

.eh_frame_hdr   0x0000000000000010        0x0
                0x0000000000000010                __eh_frame_hdr_start = .
 *(.eh_frame_hdr)
 *(.eh_frame_entry .eh_frame_entry.*)
                0x0000000000000010                __eh_frame_hdr_end = .

.eh_frame
 *(.eh_frame)
 *(.eh_frame.*)

.gcc_except_table
 *(.gcc_except_table .gcc_except_table.*)

.gnu_extab
 *(.gnu_extab*)

.dynamic        0x0000000000000010       0x80
 *(.dynamic)
 .dynamic       0x0000000000000010       0x80 module.o
                0x0000000000000010                _DYNAMIC

.dynsym         0x0000000000000090       0x18
 *(.dynsym)
 .dynsym        0x0000000000000090       0x18 module.o

.dynstr         0x00000000000000a8        0x1
 *(.dynstr)
 .dynstr        0x00000000000000a8        0x1 module.o

.rela.dyn       0x00000000000000b0        0x0
 *(.rela.*)
 .rela.got      0x00000000000000b0        0x0 module.o
 .rela.plt      0x00000000000000b0        0x0 module.o
 .rela.bss      0x00000000000000b0        0x0 module.o
 .rela.data.rel.ro
                0x00000000000000b0        0x0 module.o
 .rela.ifunc    0x00000000000000b0        0x0 module.o

.interp
 *(.interp)

.hash           0x00000000000000b0       0x10
 *(.hash)
 .hash          0x00000000000000b0       0x10 module.o

.gnu.hash
 *(.gnu.hash)

.gnu.version    0x00000000000000c0        0x0
 *(.gnu.version)
 .gnu.version   0x00000000000000c0        0x0 module.o

.gnu.version_d  0x00000000000000c0        0x0
 *(.gnu.version_d)
 .gnu.version_d
                0x00000000000000c0        0x0 module.o

.gnu.version_r  0x00000000000000c0        0x0
 *(.gnu.version_r)
 .gnu.version_r
                0x00000000000000c0        0x0 module.o

.note.gnu.build-id
                0x00000000000000c0       0x24
 *(.note.gnu.build-id)
 .note.gnu.build-id
                0x00000000000000c0       0x24 module.o
                0x0000000000001000                . = ALIGN (0x1000)
                0x0000000000001000                __data_start = .

.eh_frame
 *(.eh_frame)
 *(.eh_frame.*)

.gcc_except_table
 *(.gcc_except_table .gcc_except_table.*)

.gnu_extab
 *(.gnu_extab*)

.exception_ranges
 *(.exception_ranges .exception_ranges*)

.tdata          0x0000000000001000        0x0
                0x0000000000001000                __tdata_lma = .
 *(.tdata .tdata.* .gnu.linkonce.td.*)
                0x0000000000001000                . = ALIGN (0x8)
                0x0000000000001000                __tdata_lma_end = .

.tbss           0x0000000000001000        0x0
 *(.tbss .tbss.* .gnu.linkonce.tb.*)
 *(.tcommon)
                0x0000000000001000                . = ALIGN (0x8)

.preinit_array  0x0000000000001000        0x0
                [!provide]                        PROVIDE (__preinit_array_start = .)
 *(.preinit_array)
                [!provide]                        PROVIDE (__preinit_array_end = .)

.init_array     0x0000000000001000        0x0
                [!provide]                        PROVIDE (__init_array_start = .)
 *(SORT_BY_INIT_PRIORITY(.init_array.*) SORT_BY_INIT_PRIORITY(.ctors.*))
 *(.init_array .ctors)
                [!provide]                        PROVIDE (__init_array_end = .)

.fini_array     0x0000000000001000        0x0
                [!provide]                        PROVIDE (__fini_array_start = .)
 *(SORT_BY_INIT_PRIORITY(.fini_array.*) SORT_BY_INIT_PRIORITY(.dtors.*))
 *(.fini_array .dtors)
                [!provide]                        PROVIDE (__fini_array_end = .)
                0x0000000000001000                __got_start__ = .

.got            0x0000000000001000        0x8
 *(.got)
 .got           0x0000000000001000        0x8 module.o
                0x0000000000001000                _GLOBAL_OFFSET_TABLE_
 *(.igot)

.got.plt        0x0000000000001008       0x18
 *(.got.plt)
 .got.plt       0x0000000000001008       0x18 module.o
 *(.igot.plt)
                0x0000000000001020                __got_end__ = .

.data           0x0000000000001020    0x10042
 *(.data .data.* .gnu.linkonce.d.*)
 .data.rel.ro   0x0000000000001020        0x0 module.o
 .data          0x0000000000001020    0x10042 crt0.o
                0x0000000000001020                course
                0x000000000000103e                _start
                0x0000000000011062                __bss_start__ = .

.bss            0x0000000000011068       0xd0
 *(.dynbss)
 .dynbss        0x0000000000011068        0x0 module.o
 *(.bss .bss.* .gnu.linkonce.b.*)
 .bss           0x0000000000011068       0xd0 module.o
                0x0000000000011068                __nx_module_runtime
 *(COMMON)
                0x0000000000011138                . = ALIGN (0x8)
                0x0000000000011138                __tls_start = .
                0x0000000000011138                . = (. + (SIZEOF (.tdata) + SIZEOF (.tbss)))
                0x0000000000011138                __tls_end = .
                0x0000000000011138                __bss_end__ = .
                0x0000000000011138                __end__ = ABSOLUTE (.)
                0x0000000000012000                . = ALIGN (0x1000)
                0x0000000000012000                __argdata__ = ABSOLUTE (.)

/DISCARD/
 *(.group .comment .note)

.stab
 *(.stab)

.stabstr
 *(.stabstr)

.stab.excl
 *(.stab.excl)

.stab.exclstr
 *(.stab.exclstr)

.stab.index
 *(.stab.index)

.stab.indexstr
 *(.stab.indexstr)

.debug
 *(.debug)

.line
 *(.line)

.debug_srcinfo
 *(.debug_srcinfo)

.debug_sfnames
 *(.debug_sfnames)

.debug_aranges  0x0000000000000000       0x20
 *(.debug_aranges)
 .debug_aranges
                0x0000000000000000       0x20 module.o

.debug_pubnames
 *(.debug_pubnames)

.debug_info     0x0000000000000000       0x53
 *(.debug_info)
 .debug_info    0x0000000000000000       0x53 module.o

.debug_abbrev   0x0000000000000000       0x40
 *(.debug_abbrev)
 .debug_abbrev  0x0000000000000000       0x40 module.o

.debug_line     0x0000000000000000       0x71
 *(.debug_line)
 .debug_line    0x0000000000000000       0x71 module.o

.debug_frame
 *(.debug_frame)

.debug_str      0x0000000000000000      0x15e
 *(.debug_str)
 .debug_str     0x0000000000000000      0x15e module.o

.debug_loc
 *(.debug_loc)

.debug_macinfo
 *(.debug_macinfo)
LOAD module.o
LOAD crt0.o
OUTPUT(C:/Users/aehar/Desktop/projects/VSC_Projects/SMM2_LightLoading/subsdk7.elf elf64-littleaarch64)
